human 1 1 baby_female 7 {'RENDERED': 7}
human 1 2 baby_male 7 {'RENDERED': 7}
human 1 3 child_female 10 {'RENDERED': 10}
human 1 4 child_male 10 {'RENDERED': 10}
human 1 5 woman 27 {'RENDERED': 54}
human 1 6 civilist 78 {'RENDERED': 154, 'NO_DIRECT_FRAMES (timeline or empty record)': 2}
human 1 7 builder 81 {'RENDERED': 160, 'NO_DIRECT_FRAMES (timeline or empty record)': 2}
human 1 8 collector 84 {'RENDERED': 166, 'NO_DIRECT_FRAMES (timeline or empty record)': 2}
human 1 9 joiner 85 {'RENDERED': 162, 'NO_DIRECT_FRAMES (timeline or empty record)': 8}
human 1 10 armorer 78 {'RENDERED': 154, 'NO_DIRECT_FRAMES (timeline or empty record)': 2}
human 1 11 potter 82 {'RENDERED': 156, 'NO_DIRECT_FRAMES (timeline or empty record)': 8}
human 1 12 mason 82 {'RENDERED': 158, 'NO_DIRECT_FRAMES (timeline or empty record)': 6}
human 1 13 smith 88 {'RENDERED': 162, 'NO_DIRECT_FRAMES (timeline or empty record)': 14}
human 1 14 coin maker 78 {'RENDERED': 154, 'NO_DIRECT_FRAMES (timeline or empty record)': 2}
human 1 15 hunter 79 {'RENDERED': 156, 'NO_DIRECT_FRAMES (timeline or empty record)': 2}
human 1 16 breeder 78 {'RENDERED': 154, 'NO_DIRECT_FRAMES (timeline or empty record)': 2}
human 1 17 sewer 83 {'RENDERED': 158, 'NO_DIRECT_FRAMES (timeline or empty record)': 8}
human 1 18 farmer 81 {'RENDERED': 160, 'NO_DIRECT_FRAMES (timeline or empty record)': 2}
human 1 19 miller 78 {'RENDERED': 154, 'NO_DIRECT_FRAMES (timeline or empty record)': 2}
human 1 20 baker 82 {'RENDERED': 158, 'NO_DIRECT_FRAMES (timeline or empty record)': 6}
human 1 21 brewer 78 {'RENDERED': 154, 'NO_DIRECT_FRAMES (timeline or empty record)': 2}
human 1 22 fisher 81 {'RENDERED': 160, 'NO_DIRECT_FRAMES (timeline or empty record)': 2}
human 1 23 fisher_sea 78 {'RENDERED': 154, 'NO_DIRECT_FRAMES (timeline or empty record)': 2}
human 1 24 carrier 80 {'RENDERED': 158, 'NO_DIRECT_FRAMES (timeline or empty record)': 2}
human 1 25 trader 80 {'RENDERED': 158, 'NO_DIRECT_FRAMES (timeline or empty record)': 2}
human 1 26 trader_sea 78 {'RENDERED': 154, 'NO_DIRECT_FRAMES (timeline or empty record)': 2}
human 1 27 scout 79 {'RENDERED': 156, 'NO_DIRECT_FRAMES (timeline or empty record)': 2}
human 1 28 jester 79 {'RENDERED': 156, 'NO_DIRECT_FRAMES (timeline or empty record)': 2}
human 1 29 herb & mush guy 81 {'RENDERED': 160, 'NO_DIRECT_FRAMES (timeline or empty record)': 2}
human 1 30 druid 85 {'RENDERED': 154, 'NO_DIRECT_FRAMES (timeline or empty record)': 16}
human 1 31 soldier_unarmed 78 {'RENDERED': 128, 'NO_DIRECT_FRAMES (timeline or empty record)': 2, 'VARIANT_INCOMPATIBLE': 24, 'RENDERED_PARTIAL_MISSING_BOBS': 2}
human 1 32 soldier_spear_wooden 78 {'RENDERED': 128, 'NO_DIRECT_FRAMES (timeline or empty record)': 2, 'VARIANT_INCOMPATIBLE': 24, 'RENDERED_PARTIAL_MISSING_BOBS': 2}
human 1 33 soldier_spear_iron 78 {'RENDERED': 128, 'NO_DIRECT_FRAMES (timeline or empty record)': 2, 'VARIANT_INCOMPATIBLE': 24, 'RENDERED_PARTIAL_MISSING_BOBS': 2}
human 1 34 soldier_sword_short 78 {'RENDERED': 128, 'NO_DIRECT_FRAMES (timeline or empty record)': 2, 'VARIANT_INCOMPATIBLE': 24, 'RENDERED_PARTIAL_MISSING_BOBS': 2}
human 1 35 soldier_sword_long 78 {'RENDERED': 128, 'NO_DIRECT_FRAMES (timeline or empty record)': 2, 'VARIANT_INCOMPATIBLE': 24, 'RENDERED_PARTIAL_MISSING_BOBS': 2}
human 1 36 soldier_saber_short 78 {'RENDERED': 128, 'NO_DIRECT_FRAMES (timeline or empty record)': 2, 'VARIANT_INCOMPATIBLE': 24, 'RENDERED_PARTIAL_MISSING_BOBS': 2}
human 1 37 soldier_saber_long 78 {'RENDERED': 128, 'NO_DIRECT_FRAMES (timeline or empty record)': 2, 'VARIANT_INCOMPATIBLE': 24, 'RENDERED_PARTIAL_MISSING_BOBS': 2}
human 1 38 soldier_axe_small 78 {'RENDERED': 128, 'NO_DIRECT_FRAMES (timeline or empty record)': 2, 'VARIANT_INCOMPATIBLE': 24, 'RENDERED_PARTIAL_MISSING_BOBS': 2}
human 1 39 soldier_axe_big 78 {'RENDERED': 128, 'NO_DIRECT_FRAMES (timeline or empty record)': 2, 'VARIANT_INCOMPATIBLE': 24, 'RENDERED_PARTIAL_MISSING_BOBS': 2}
human 1 40 soldier_bow_short 78 {'RENDERED': 128, 'NO_DIRECT_FRAMES (timeline or empty record)': 2, 'VARIANT_INCOMPATIBLE': 24, 'RENDERED_PARTIAL_MISSING_BOBS': 2}
human 1 41 soldier_bow_long 78 {'RENDERED': 128, 'NO_DIRECT_FRAMES (timeline or empty record)': 2, 'VARIANT_INCOMPATIBLE': 24, 'RENDERED_PARTIAL_MISSING_BOBS': 2}
human 1 42 hero_unarmed_??? 78 {'RENDERED': 128, 'NO_DIRECT_FRAMES (timeline or empty record)': 2, 'VARIANT_INCOMPATIBLE': 24, 'RENDERED_PARTIAL_MISSING_BOBS': 2}
human 1 43 hero_spear_SIEGFRIED 78 {'RENDERED': 128, 'NO_DIRECT_FRAMES (timeline or empty record)': 2, 'VARIANT_INCOMPATIBLE': 24, 'RENDERED_PARTIAL_MISSING_BOBS': 2}
human 1 44 hero_sword_BJARNI 78 {'RENDERED': 102, 'NO_DIRECT_FRAMES (timeline or empty record)': 2, 'VARIANT_INCOMPATIBLE': 49, 'RENDERED_PARTIAL_MISSING_BOBS': 3}
human 1 45 hero_saber_HATSCHI 78 {'RENDERED': 126, 'NO_DIRECT_FRAMES (timeline or empty record)': 2, 'VARIANT_INCOMPATIBLE': 25, 'RENDERED_PARTIAL_MISSING_BOBS': 3}
human 1 46 hero_axe_??? 78 {'RENDERED': 128, 'NO_DIRECT_FRAMES (timeline or empty record)': 2, 'VARIANT_INCOMPATIBLE': 24, 'RENDERED_PARTIAL_MISSING_BOBS': 2}
human 1 47 heroine_bow_XENA 78 {'RENDERED': 128, 'NO_DIRECT_FRAMES (timeline or empty record)': 2, 'VARIANT_INCOMPATIBLE': 24, 'RENDERED_PARTIAL_MISSING_BOBS': 2}
human 2 1 baby_female 7 {'RENDERED': 7}
human 2 2 baby_male 7 {'RENDERED': 7}
human 2 3 child_female 10 {'RENDERED': 10}
human 2 4 child_male 10 {'RENDERED': 10}
human 2 5 woman 23 {'RENDERED': 23}
human 2 6 civilist 35 {'RENDERED': 34, 'NO_DIRECT_FRAMES (timeline or empty record)': 1}
human 2 7 builder 37 {'RENDERED': 36, 'NO_DIRECT_FRAMES (timeline or empty record)': 1}
human 2 8 collector 40 {'RENDERED': 39, 'NO_DIRECT_FRAMES (timeline or empty record)': 1}
human 2 9 joiner 35 {'RENDERED': 34, 'NO_DIRECT_FRAMES (timeline or empty record)': 1}
human 2 10 armorer 35 {'RENDERED': 34, 'NO_DIRECT_FRAMES (timeline or empty record)': 1}
human 2 11 potter 35 {'RENDERED': 34, 'NO_DIRECT_FRAMES (timeline or empty record)': 1}
human 2 12 mason 35 {'RENDERED': 34, 'NO_DIRECT_FRAMES (timeline or empty record)': 1}
human 2 13 smith 35 {'RENDERED': 34, 'NO_DIRECT_FRAMES (timeline or empty record)': 1}
human 2 14 coin maker 35 {'RENDERED': 34, 'NO_DIRECT_FRAMES (timeline or empty record)': 1}
human 2 15 hunter 36 {'RENDERED': 35, 'NO_DIRECT_FRAMES (timeline or empty record)': 1}
human 2 16 breeder 35 {'RENDERED': 34, 'NO_DIRECT_FRAMES (timeline or empty record)': 1}
human 2 17 sewer 35 {'RENDERED': 34, 'NO_DIRECT_FRAMES (timeline or empty record)': 1}
human 2 18 farmer 38 {'RENDERED': 37, 'NO_DIRECT_FRAMES (timeline or empty record)': 1}
human 2 19 miller 35 {'RENDERED': 34, 'NO_DIRECT_FRAMES (timeline or empty record)': 1}
human 2 20 baker 35 {'RENDERED': 34, 'NO_DIRECT_FRAMES (timeline or empty record)': 1}
human 2 21 brewer 35 {'RENDERED': 34, 'NO_DIRECT_FRAMES (timeline or empty record)': 1}
human 2 22 fisher 38 {'RENDERED': 37, 'NO_DIRECT_FRAMES (timeline or empty record)': 1}
human 2 23 fisher_sea 35 {'RENDERED': 34, 'NO_DIRECT_FRAMES (timeline or empty record)': 1}
human 2 24 carrier 35 {'RENDERED': 34, 'NO_DIRECT_FRAMES (timeline or empty record)': 1}
human 2 25 trader 35 {'RENDERED': 34, 'NO_DIRECT_FRAMES (timeline or empty record)': 1}
human 2 26 trader_sea 35 {'RENDERED': 34, 'NO_DIRECT_FRAMES (timeline or empty record)': 1}
human 2 27 scout 36 {'RENDERED': 35, 'NO_DIRECT_FRAMES (timeline or empty record)': 1}
human 2 28 jester 35 {'RENDERED': 34, 'NO_DIRECT_FRAMES (timeline or empty record)': 1}
human 2 29 herb & mush guy 35 {'RENDERED': 34, 'NO_DIRECT_FRAMES (timeline or empty record)': 1}
human 2 30 druid 35 {'RENDERED': 34, 'NO_DIRECT_FRAMES (timeline or empty record)': 1}
human 2 31 soldier_unarmed 35 {'RENDERED': 54, 'NO_DIRECT_FRAMES (timeline or empty record)': 2, 'VARIANT_INCOMPATIBLE': 10, 'RENDERED_PARTIAL_MISSING_BOBS': 4}
human 2 32 soldier_spear_wooden 35 {'RENDERED': 54, 'NO_DIRECT_FRAMES (timeline or empty record)': 2, 'VARIANT_INCOMPATIBLE': 10, 'RENDERED_PARTIAL_MISSING_BOBS': 4}
human 2 33 soldier_spear_iron 35 {'RENDERED': 54, 'NO_DIRECT_FRAMES (timeline or empty record)': 2, 'VARIANT_INCOMPATIBLE': 10, 'RENDERED_PARTIAL_MISSING_BOBS': 4}
human 2 34 soldier_sword_short 35 {'RENDERED': 54, 'NO_DIRECT_FRAMES (timeline or empty record)': 2, 'VARIANT_INCOMPATIBLE': 10, 'RENDERED_PARTIAL_MISSING_BOBS': 4}
human 2 35 soldier_sword_long 35 {'RENDERED': 54, 'NO_DIRECT_FRAMES (timeline or empty record)': 2, 'VARIANT_INCOMPATIBLE': 10, 'RENDERED_PARTIAL_MISSING_BOBS': 4}
human 2 36 soldier_saber_short 35 {'RENDERED': 54, 'NO_DIRECT_FRAMES (timeline or empty record)': 2, 'VARIANT_INCOMPATIBLE': 10, 'RENDERED_PARTIAL_MISSING_BOBS': 4}
human 2 37 soldier_saber_long 35 {'RENDERED': 54, 'NO_DIRECT_FRAMES (timeline or empty record)': 2, 'VARIANT_INCOMPATIBLE': 10, 'RENDERED_PARTIAL_MISSING_BOBS': 4}
human 2 38 soldier_axe_small 35 {'RENDERED': 54, 'NO_DIRECT_FRAMES (timeline or empty record)': 2, 'VARIANT_INCOMPATIBLE': 10, 'RENDERED_PARTIAL_MISSING_BOBS': 4}
human 2 39 soldier_axe_big 35 {'RENDERED': 54, 'NO_DIRECT_FRAMES (timeline or empty record)': 2, 'VARIANT_INCOMPATIBLE': 10, 'RENDERED_PARTIAL_MISSING_BOBS': 4}
human 2 40 soldier_bow_short 35 {'RENDERED': 54, 'NO_DIRECT_FRAMES (timeline or empty record)': 2, 'VARIANT_INCOMPATIBLE': 10, 'RENDERED_PARTIAL_MISSING_BOBS': 4}
human 2 41 soldier_bow_long 35 {'RENDERED': 54, 'NO_DIRECT_FRAMES (timeline or empty record)': 2, 'VARIANT_INCOMPATIBLE': 10, 'RENDERED_PARTIAL_MISSING_BOBS': 4}
human 2 42 hero_unarmed_??? 35 {'RENDERED': 40, 'VARIANT_INCOMPATIBLE': 26, 'NO_DIRECT_FRAMES (timeline or empty record)': 2, 'RENDERED_PARTIAL_MISSING_BOBS': 2}
human 2 43 hero_spear_SIEGFRIED 35 {'RENDERED': 49, 'NO_DIRECT_FRAMES (timeline or empty record)': 2, 'VARIANT_INCOMPATIBLE': 16, 'RENDERED_PARTIAL_MISSING_BOBS': 3}
human 2 44 hero_sword_BJARNI 35 {'RENDERED': 54, 'NO_DIRECT_FRAMES (timeline or empty record)': 2, 'VARIANT_INCOMPATIBLE': 10, 'RENDERED_PARTIAL_MISSING_BOBS': 4}
human 2 45 hero_saber_HATSCHI 35 {'RENDERED': 54, 'NO_DIRECT_FRAMES (timeline or empty record)': 2, 'VARIANT_INCOMPATIBLE': 10, 'RENDERED_PARTIAL_MISSING_BOBS': 4}
human 2 46 hero_axe_??? 35 {'RENDERED': 54, 'NO_DIRECT_FRAMES (timeline or empty record)': 2, 'VARIANT_INCOMPATIBLE': 10, 'RENDERED_PARTIAL_MISSING_BOBS': 4}
human 2 47 heroine_bow_XENA 35 {'RENDERED': 54, 'NO_DIRECT_FRAMES (timeline or empty record)': 2, 'VARIANT_INCOMPATIBLE': 10, 'RENDERED_PARTIAL_MISSING_BOBS': 4}
human 3 1 baby_female 7 {'RENDERED': 7}
human 3 2 baby_male 7 {'RENDERED': 7}
human 3 3 child_female 10 {'RENDERED': 10}
human 3 4 child_male 10 {'RENDERED': 10}
human 3 5 woman 22 {'RENDERED': 22}
human 3 6 civilist 35 {'RENDERED': 34, 'NO_DIRECT_FRAMES (timeline or empty record)': 1}
human 3 7 builder 37 {'RENDERED': 36, 'NO_DIRECT_FRAMES (timeline or empty record)': 1}
human 3 8 collector 40 {'RENDERED': 39, 'NO_DIRECT_FRAMES (timeline or empty record)': 1}
human 3 9 joiner 35 {'RENDERED': 34, 'NO_DIRECT_FRAMES (timeline or empty record)': 1}
human 3 10 armorer 35 {'RENDERED': 34, 'NO_DIRECT_FRAMES (timeline or empty record)': 1}
human 3 11 potter 35 {'RENDERED': 34, 'NO_DIRECT_FRAMES (timeline or empty record)': 1}
human 3 12 mason 35 {'RENDERED': 34, 'NO_DIRECT_FRAMES (timeline or empty record)': 1}
human 3 13 smith 35 {'RENDERED': 34, 'NO_DIRECT_FRAMES (timeline or empty record)': 1}
human 3 14 coin maker 35 {'RENDERED': 34, 'NO_DIRECT_FRAMES (timeline or empty record)': 1}
human 3 15 hunter 36 {'RENDERED': 35, 'NO_DIRECT_FRAMES (timeline or empty record)': 1}
human 3 16 breeder 35 {'RENDERED': 34, 'NO_DIRECT_FRAMES (timeline or empty record)': 1}
human 3 17 sewer 35 {'RENDERED': 34, 'NO_DIRECT_FRAMES (timeline or empty record)': 1}
human 3 18 farmer 38 {'RENDERED': 37, 'NO_DIRECT_FRAMES (timeline or empty record)': 1}
human 3 19 miller 35 {'RENDERED': 34, 'NO_DIRECT_FRAMES (timeline or empty record)': 1}
human 3 20 baker 35 {'RENDERED': 34, 'NO_DIRECT_FRAMES (timeline or empty record)': 1}
human 3 21 brewer 35 {'RENDERED': 34, 'NO_DIRECT_FRAMES (timeline or empty record)': 1}
human 3 22 fisher 38 {'RENDERED': 37, 'NO_DIRECT_FRAMES (timeline or empty record)': 1}
human 3 23 fisher_sea 35 {'RENDERED': 34, 'NO_DIRECT_FRAMES (timeline or empty record)': 1}
human 3 24 carrier 35 {'RENDERED': 34, 'NO_DIRECT_FRAMES (timeline or empty record)': 1}
human 3 25 trader 35 {'RENDERED': 34, 'NO_DIRECT_FRAMES (timeline or empty record)': 1}
human 3 26 trader_sea 35 {'RENDERED': 34, 'NO_DIRECT_FRAMES (timeline or empty record)': 1}
human 3 27 scout 36 {'RENDERED': 35, 'NO_DIRECT_FRAMES (timeline or empty record)': 1}
human 3 28 jester 35 {'RENDERED': 34, 'NO_DIRECT_FRAMES (timeline or empty record)': 1}
human 3 29 herb & mush guy 35 {'RENDERED': 34, 'NO_DIRECT_FRAMES (timeline or empty record)': 1}
human 3 30 druid 35 {'RENDERED': 34, 'NO_DIRECT_FRAMES (timeline or empty record)': 1}
human 3 31 soldier_unarmed 35 {'RENDERED': 54, 'NO_DIRECT_FRAMES (timeline or empty record)': 2, 'VARIANT_INCOMPATIBLE': 10, 'RENDERED_PARTIAL_MISSING_BOBS': 4}
human 3 32 soldier_spear_wooden 35 {'RENDERED': 24, 'VARIANT_INCOMPATIBLE': 44, 'NO_DIRECT_FRAMES (timeline or empty record)': 2}
human 3 33 soldier_spear_iron 35 {'RENDERED': 54, 'NO_DIRECT_FRAMES (timeline or empty record)': 2, 'VARIANT_INCOMPATIBLE': 10, 'RENDERED_PARTIAL_MISSING_BOBS': 4}
human 3 34 soldier_sword_short 35 {'RENDERED': 54, 'NO_DIRECT_FRAMES (timeline or empty record)': 2, 'VARIANT_INCOMPATIBLE': 10, 'RENDERED_PARTIAL_MISSING_BOBS': 4}
human 3 35 soldier_sword_long 35 {'RENDERED': 54, 'NO_DIRECT_FRAMES (timeline or empty record)': 2, 'VARIANT_INCOMPATIBLE': 10, 'RENDERED_PARTIAL_MISSING_BOBS': 4}
human 3 36 soldier_saber_short 35 {'RENDERED': 54, 'NO_DIRECT_FRAMES (timeline or empty record)': 2, 'VARIANT_INCOMPATIBLE': 10, 'RENDERED_PARTIAL_MISSING_BOBS': 4}
human 3 37 soldier_saber_long 35 {'RENDERED': 54, 'NO_DIRECT_FRAMES (timeline or empty record)': 2, 'VARIANT_INCOMPATIBLE': 10, 'RENDERED_PARTIAL_MISSING_BOBS': 4}
human 3 38 soldier_axe_small 35 {'RENDERED': 54, 'NO_DIRECT_FRAMES (timeline or empty record)': 2, 'VARIANT_INCOMPATIBLE': 10, 'RENDERED_PARTIAL_MISSING_BOBS': 4}
human 3 39 soldier_axe_big 35 {'RENDERED': 54, 'NO_DIRECT_FRAMES (timeline or empty record)': 2, 'VARIANT_INCOMPATIBLE': 10, 'RENDERED_PARTIAL_MISSING_BOBS': 4}
human 3 40 soldier_bow_short 35 {'RENDERED': 54, 'NO_DIRECT_FRAMES (timeline or empty record)': 2, 'VARIANT_INCOMPATIBLE': 10, 'RENDERED_PARTIAL_MISSING_BOBS': 4}
human 3 41 soldier_bow_long 35 {'RENDERED': 54, 'NO_DIRECT_FRAMES (timeline or empty record)': 2, 'VARIANT_INCOMPATIBLE': 10, 'RENDERED_PARTIAL_MISSING_BOBS': 4}
human 3 42 hero_unarmed_??? 35 {'RENDERED': 20, 'VARIANT_INCOMPATIBLE': 48, 'NO_DIRECT_FRAMES (timeline or empty record)': 2}
human 3 43 hero_spear_SIEGFRIED 35 {'RENDERED': 54, 'NO_DIRECT_FRAMES (timeline or empty record)': 2, 'VARIANT_INCOMPATIBLE': 10, 'RENDERED_PARTIAL_MISSING_BOBS': 4}
human 3 44 hero_sword_BJARNI 35 {'RENDERED': 54, 'NO_DIRECT_FRAMES (timeline or empty record)': 2, 'VARIANT_INCOMPATIBLE': 10, 'RENDERED_PARTIAL_MISSING_BOBS': 4}
human 3 45 hero_saber_HATSCHI 35 {'RENDERED': 54, 'NO_DIRECT_FRAMES (timeline or empty record)': 2, 'VARIANT_INCOMPATIBLE': 10, 'RENDERED_PARTIAL_MISSING_BOBS': 4}
human 3 46 hero_axe_??? 35 {'RENDERED': 54, 'NO_DIRECT_FRAMES (timeline or empty record)': 2, 'VARIANT_INCOMPATIBLE': 10, 'RENDERED_PARTIAL_MISSING_BOBS': 4}
human 3 47 heroine_bow_XENA 35 {'RENDERED': 45, 'NO_DIRECT_FRAMES (timeline or empty record)': 2, 'VARIANT_INCOMPATIBLE': 21, 'RENDERED_PARTIAL_MISSING_BOBS': 2}
human 4 1 baby_female 7 {'RENDERED': 7}
human 4 2 baby_male 7 {'RENDERED': 7}
human 4 3 child_female 10 {'RENDERED': 10}
human 4 4 child_male 10 {'RENDERED': 10}
human 4 5 woman 22 {'RENDERED': 22}
human 4 6 civilist 36 {'RENDERED': 35, 'NO_DIRECT_FRAMES (timeline or empty record)': 1}
human 4 7 builder 38 {'RENDERED': 37, 'NO_DIRECT_FRAMES (timeline or empty record)': 1}
human 4 8 collector 41 {'RENDERED': 40, 'NO_DIRECT_FRAMES (timeline or empty record)': 1}
human 4 9 joiner 36 {'RENDERED': 35, 'NO_DIRECT_FRAMES (timeline or empty record)': 1}
human 4 10 armorer 36 {'RENDERED': 35, 'NO_DIRECT_FRAMES (timeline or empty record)': 1}
human 4 11 potter 36 {'RENDERED': 35, 'NO_DIRECT_FRAMES (timeline or empty record)': 1}
human 4 12 mason 36 {'RENDERED': 35, 'NO_DIRECT_FRAMES (timeline or empty record)': 1}
human 4 13 smith 36 {'RENDERED': 35, 'NO_DIRECT_FRAMES (timeline or empty record)': 1}
human 4 14 coin maker 36 {'RENDERED': 35, 'NO_DIRECT_FRAMES (timeline or empty record)': 1}
human 4 15 hunter 37 {'RENDERED': 36, 'NO_DIRECT_FRAMES (timeline or empty record)': 1}
human 4 16 breeder 36 {'RENDERED': 35, 'NO_DIRECT_FRAMES (timeline or empty record)': 1}
human 4 17 sewer 36 {'RENDERED': 35, 'NO_DIRECT_FRAMES (timeline or empty record)': 1}
human 4 18 farmer 39 {'RENDERED': 38, 'NO_DIRECT_FRAMES (timeline or empty record)': 1}
human 4 19 miller 36 {'RENDERED': 35, 'NO_DIRECT_FRAMES (timeline or empty record)': 1}
human 4 20 baker 36 {'RENDERED': 35, 'NO_DIRECT_FRAMES (timeline or empty record)': 1}
human 4 21 brewer 36 {'RENDERED': 35, 'NO_DIRECT_FRAMES (timeline or empty record)': 1}
human 4 22 fisher 39 {'RENDERED': 38, 'NO_DIRECT_FRAMES (timeline or empty record)': 1}
human 4 23 fisher_sea 36 {'RENDERED': 35, 'NO_DIRECT_FRAMES (timeline or empty record)': 1}
human 4 24 carrier 36 {'RENDERED': 35, 'NO_DIRECT_FRAMES (timeline or empty record)': 1}
human 4 25 trader 36 {'RENDERED': 35, 'NO_DIRECT_FRAMES (timeline or empty record)': 1}
human 4 26 trader_sea 36 {'RENDERED': 35, 'NO_DIRECT_FRAMES (timeline or empty record)': 1}
human 4 27 scout 37 {'RENDERED': 36, 'NO_DIRECT_FRAMES (timeline or empty record)': 1}
human 4 28 jester 36 {'RENDERED': 35, 'NO_DIRECT_FRAMES (timeline or empty record)': 1}
human 4 29 herb & mush guy 36 {'RENDERED': 35, 'NO_DIRECT_FRAMES (timeline or empty record)': 1}
human 4 30 druid 36 {'RENDERED': 35, 'NO_DIRECT_FRAMES (timeline or empty record)': 1}
human 4 31 soldier_unarmed 36 {'RENDERED': 56, 'NO_DIRECT_FRAMES (timeline or empty record)': 2, 'VARIANT_INCOMPATIBLE': 10, 'RENDERED_PARTIAL_MISSING_BOBS': 4}
human 4 32 soldier_spear_wooden 36 {'RENDERED': 56, 'NO_DIRECT_FRAMES (timeline or empty record)': 2, 'VARIANT_INCOMPATIBLE': 10, 'RENDERED_PARTIAL_MISSING_BOBS': 4}
human 4 33 soldier_spear_iron 36 {'RENDERED': 56, 'NO_DIRECT_FRAMES (timeline or empty record)': 2, 'VARIANT_INCOMPATIBLE': 10, 'RENDERED_PARTIAL_MISSING_BOBS': 4}
human 4 34 soldier_sword_short 36 {'RENDERED': 56, 'NO_DIRECT_FRAMES (timeline or empty record)': 2, 'VARIANT_INCOMPATIBLE': 10, 'RENDERED_PARTIAL_MISSING_BOBS': 4}
human 4 35 soldier_sword_long 36 {'RENDERED': 56, 'NO_DIRECT_FRAMES (timeline or empty record)': 2, 'VARIANT_INCOMPATIBLE': 10, 'RENDERED_PARTIAL_MISSING_BOBS': 4}
human 4 36 soldier_saber_short 36 {'RENDERED': 56, 'NO_DIRECT_FRAMES (timeline or empty record)': 2, 'VARIANT_INCOMPATIBLE': 10, 'RENDERED_PARTIAL_MISSING_BOBS': 4}
human 4 37 soldier_saber_long 36 {'RENDERED': 56, 'NO_DIRECT_FRAMES (timeline or empty record)': 2, 'VARIANT_INCOMPATIBLE': 10, 'RENDERED_PARTIAL_MISSING_BOBS': 4}
human 4 38 soldier_axe_small 36 {'RENDERED': 56, 'NO_DIRECT_FRAMES (timeline or empty record)': 2, 'VARIANT_INCOMPATIBLE': 10, 'RENDERED_PARTIAL_MISSING_BOBS': 4}
human 4 39 soldier_axe_big 36 {'RENDERED': 56, 'NO_DIRECT_FRAMES (timeline or empty record)': 2, 'VARIANT_INCOMPATIBLE': 10, 'RENDERED_PARTIAL_MISSING_BOBS': 4}
human 4 40 soldier_bow_short 36 {'RENDERED': 56, 'NO_DIRECT_FRAMES (timeline or empty record)': 2, 'VARIANT_INCOMPATIBLE': 10, 'RENDERED_PARTIAL_MISSING_BOBS': 4}
human 4 41 soldier_bow_long 36 {'RENDERED': 56, 'NO_DIRECT_FRAMES (timeline or empty record)': 2, 'VARIANT_INCOMPATIBLE': 10, 'RENDERED_PARTIAL_MISSING_BOBS': 4}
human 4 42 hero_unarmed_??? 36 {'RENDERED': 56, 'NO_DIRECT_FRAMES (timeline or empty record)': 2, 'VARIANT_INCOMPATIBLE': 10, 'RENDERED_PARTIAL_MISSING_BOBS': 4}
human 4 43 hero_spear_SIEGFRIED 36 {'RENDERED': 56, 'NO_DIRECT_FRAMES (timeline or empty record)': 2, 'VARIANT_INCOMPATIBLE': 10, 'RENDERED_PARTIAL_MISSING_BOBS': 4}
human 4 44 hero_sword_BJARNI 36 {'RENDERED': 56, 'NO_DIRECT_FRAMES (timeline or empty record)': 2, 'VARIANT_INCOMPATIBLE': 10, 'RENDERED_PARTIAL_MISSING_BOBS': 4}
human 4 45 hero_saber_HATSCHI 36 {'RENDERED': 56, 'NO_DIRECT_FRAMES (timeline or empty record)': 2, 'VARIANT_INCOMPATIBLE': 10, 'RENDERED_PARTIAL_MISSING_BOBS': 4}
human 4 46 hero_axe_??? 36 {'RENDERED': 56, 'NO_DIRECT_FRAMES (timeline or empty record)': 2, 'VARIANT_INCOMPATIBLE': 10, 'RENDERED_PARTIAL_MISSING_BOBS': 4}
human 4 47 heroine_bow_XENA 36 {'RENDERED': 56, 'NO_DIRECT_FRAMES (timeline or empty record)': 2, 'VARIANT_INCOMPATIBLE': 10, 'RENDERED_PARTIAL_MISSING_BOBS': 4}
human 5 31 soldier_unarmed 6 {'RENDERED': 12}
human 5 32 soldier_spear_wooden 6 {'RENDERED': 12}
human 5 33 soldier_spear_iron 6 {'RENDERED': 12}
human 5 34 soldier_sword_short 6 {'RENDERED': 12}
human 5 35 soldier_sword_long 6 {'RENDERED': 12}
human 5 36 soldier_saber_short 6 {'RENDERED': 12}
human 5 37 soldier_saber_long 6 {'RENDERED': 12}
human 5 38 soldier_axe_small 6 {'RENDERED': 12}
human 5 39 soldier_axe_big 6 {'RENDERED': 12}
human 5 40 soldier_bow_short 6 {'RENDERED': 12}
human 5 41 soldier_bow_long 6 {'RENDERED': 12}
human 5 42 hero_unarmed_??? 6 {'RENDERED': 12}
human 5 43 hero_spear_SIEGFRIED 6 {'RENDERED': 12}
human 5 44 hero_sword_BJARNI 6 {'RENDERED': 12}
human 5 45 hero_saber_HATSCHI 6 {'RENDERED': 12}
human 5 46 hero_axe_??? 6 {'RENDERED': 12}
human 5 47 heroine_bow_XENA 6 {'RENDERED': 12}
human 6 31 soldier_unarmed 6 {'RENDERED': 12}
human 6 32 soldier_spear_wooden 6 {'RENDERED': 12}
human 6 33 soldier_spear_iron 6 {'RENDERED': 12}
human 6 34 soldier_sword_short 6 {'RENDERED': 12}
human 6 35 soldier_sword_long 6 {'RENDERED': 12}
human 6 36 soldier_saber_short 6 {'RENDERED': 12}
human 6 37 soldier_saber_long 6 {'RENDERED': 12}
human 6 38 soldier_axe_small 6 {'RENDERED': 12}
human 6 39 soldier_axe_big 6 {'RENDERED': 12}
human 6 40 soldier_bow_short 6 {'RENDERED': 12}
human 6 41 soldier_bow_long 6 {'RENDERED': 12}
human 6 42 hero_unarmed_??? 6 {'RENDERED': 12}
human 6 43 hero_spear_SIEGFRIED 6 {'RENDERED': 12}
human 6 44 hero_sword_BJARNI 6 {'RENDERED': 12}
human 6 45 hero_saber_HATSCHI 6 {'RENDERED': 12}
human 6 46 hero_axe_??? 6 {'RENDERED': 12}
human 6 47 heroine_bow_XENA 6 {'RENDERED': 12}
human 7 1 baby_female 7 {'RENDERED': 7}
human 7 2 baby_male 7 {'RENDERED': 7}
human 7 3 child_female 10 {'RENDERED': 10}
human 7 4 child_male 10 {'RENDERED': 10}
human 7 5 woman 23 {'RENDERED': 46}
human 7 6 civilist 35 {'RENDERED': 68, 'NO_DIRECT_FRAMES (timeline or empty record)': 2}
human 7 7 builder 37 {'RENDERED': 72, 'NO_DIRECT_FRAMES (timeline or empty record)': 2}
human 7 8 collector 40 {'RENDERED': 78, 'NO_DIRECT_FRAMES (timeline or empty record)': 2}
human 7 9 joiner 35 {'RENDERED': 68, 'NO_DIRECT_FRAMES (timeline or empty record)': 2}
human 7 10 armorer 35 {'RENDERED': 68, 'NO_DIRECT_FRAMES (timeline or empty record)': 2}
human 7 11 potter 35 {'RENDERED': 68, 'NO_DIRECT_FRAMES (timeline or empty record)': 2}
human 7 12 mason 35 {'RENDERED': 68, 'NO_DIRECT_FRAMES (timeline or empty record)': 2}
human 7 13 smith 35 {'RENDERED': 68, 'NO_DIRECT_FRAMES (timeline or empty record)': 2}
human 7 14 coin maker 35 {'RENDERED': 68, 'NO_DIRECT_FRAMES (timeline or empty record)': 2}
human 7 15 hunter 36 {'RENDERED': 70, 'NO_DIRECT_FRAMES (timeline or empty record)': 2}
human 7 16 breeder 35 {'RENDERED': 68, 'NO_DIRECT_FRAMES (timeline or empty record)': 2}
human 7 17 sewer 35 {'RENDERED': 68, 'NO_DIRECT_FRAMES (timeline or empty record)': 2}
human 7 18 farmer 38 {'RENDERED': 74, 'NO_DIRECT_FRAMES (timeline or empty record)': 2}
human 7 19 miller 35 {'RENDERED': 68, 'NO_DIRECT_FRAMES (timeline or empty record)': 2}
human 7 20 baker 35 {'RENDERED': 68, 'NO_DIRECT_FRAMES (timeline or empty record)': 2}
human 7 21 brewer 35 {'RENDERED': 68, 'NO_DIRECT_FRAMES (timeline or empty record)': 2}
human 7 22 fisher 38 {'RENDERED': 74, 'NO_DIRECT_FRAMES (timeline or empty record)': 2}
human 7 23 fisher_sea 35 {'RENDERED': 68, 'NO_DIRECT_FRAMES (timeline or empty record)': 2}
human 7 24 carrier 35 {'RENDERED': 68, 'NO_DIRECT_FRAMES (timeline or empty record)': 2}
human 7 25 trader 35 {'RENDERED': 68, 'NO_DIRECT_FRAMES (timeline or empty record)': 2}
human 7 26 trader_sea 35 {'RENDERED': 68, 'NO_DIRECT_FRAMES (timeline or empty record)': 2}
human 7 27 scout 36 {'RENDERED': 70, 'NO_DIRECT_FRAMES (timeline or empty record)': 2}
human 7 28 jester 35 {'RENDERED': 68, 'NO_DIRECT_FRAMES (timeline or empty record)': 2}
human 7 29 herb & mush guy 35 {'RENDERED': 68, 'NO_DIRECT_FRAMES (timeline or empty record)': 2}
human 7 30 druid 35 {'RENDERED': 68, 'NO_DIRECT_FRAMES (timeline or empty record)': 2}
human 7 31 soldier_unarmed 35 {'RENDERED': 44, 'NO_DIRECT_FRAMES (timeline or empty record)': 2, 'VARIANT_INCOMPATIBLE': 22, 'RENDERED_PARTIAL_MISSING_BOBS': 2}
human 7 32 soldier_spear_wooden 35 {'RENDERED': 44, 'NO_DIRECT_FRAMES (timeline or empty record)': 2, 'VARIANT_INCOMPATIBLE': 22, 'RENDERED_PARTIAL_MISSING_BOBS': 2}
human 7 33 soldier_spear_iron 35 {'RENDERED': 44, 'NO_DIRECT_FRAMES (timeline or empty record)': 2, 'VARIANT_INCOMPATIBLE': 22, 'RENDERED_PARTIAL_MISSING_BOBS': 2}
human 7 34 soldier_sword_short 35 {'RENDERED': 54, 'NO_DIRECT_FRAMES (timeline or empty record)': 2, 'VARIANT_INCOMPATIBLE': 10, 'RENDERED_PARTIAL_MISSING_BOBS': 4}
human 7 35 soldier_sword_long 35 {'RENDERED': 44, 'NO_DIRECT_FRAMES (timeline or empty record)': 2, 'VARIANT_INCOMPATIBLE': 22, 'RENDERED_PARTIAL_MISSING_BOBS': 2}
human 7 36 soldier_saber_short 35 {'RENDERED': 44, 'NO_DIRECT_FRAMES (timeline or empty record)': 2, 'VARIANT_INCOMPATIBLE': 22, 'RENDERED_PARTIAL_MISSING_BOBS': 2}
human 7 37 soldier_saber_long 35 {'RENDERED': 44, 'NO_DIRECT_FRAMES (timeline or empty record)': 2, 'VARIANT_INCOMPATIBLE': 22, 'RENDERED_PARTIAL_MISSING_BOBS': 2}
human 7 38 soldier_axe_small 35 {'RENDERED': 44, 'NO_DIRECT_FRAMES (timeline or empty record)': 2, 'VARIANT_INCOMPATIBLE': 22, 'RENDERED_PARTIAL_MISSING_BOBS': 2}
human 7 39 soldier_axe_big 35 {'RENDERED': 44, 'NO_DIRECT_FRAMES (timeline or empty record)': 2, 'VARIANT_INCOMPATIBLE': 22, 'RENDERED_PARTIAL_MISSING_BOBS': 2}
human 7 40 soldier_bow_short 35 {'RENDERED': 44, 'NO_DIRECT_FRAMES (timeline or empty record)': 2, 'VARIANT_INCOMPATIBLE': 22, 'RENDERED_PARTIAL_MISSING_BOBS': 2}
human 7 41 soldier_bow_long 35 {'RENDERED': 44, 'NO_DIRECT_FRAMES (timeline or empty record)': 2, 'VARIANT_INCOMPATIBLE': 22, 'RENDERED_PARTIAL_MISSING_BOBS': 2}
human 7 42 hero_unarmed_??? 35 {'RENDERED': 44, 'NO_DIRECT_FRAMES (timeline or empty record)': 2, 'VARIANT_INCOMPATIBLE': 22, 'RENDERED_PARTIAL_MISSING_BOBS': 2}
human 7 43 hero_spear_SIEGFRIED 35 {'RENDERED': 44, 'NO_DIRECT_FRAMES (timeline or empty record)': 2, 'VARIANT_INCOMPATIBLE': 22, 'RENDERED_PARTIAL_MISSING_BOBS': 2}
human 7 44 hero_sword_BJARNI 35 {'RENDERED': 54, 'NO_DIRECT_FRAMES (timeline or empty record)': 2, 'VARIANT_INCOMPATIBLE': 10, 'RENDERED_PARTIAL_MISSING_BOBS': 4}
human 7 45 hero_saber_HATSCHI 35 {'RENDERED': 44, 'NO_DIRECT_FRAMES (timeline or empty record)': 2, 'VARIANT_INCOMPATIBLE': 22, 'RENDERED_PARTIAL_MISSING_BOBS': 2}
human 7 46 hero_axe_??? 35 {'RENDERED': 44, 'NO_DIRECT_FRAMES (timeline or empty record)': 2, 'VARIANT_INCOMPATIBLE': 22, 'RENDERED_PARTIAL_MISSING_BOBS': 2}
human 7 47 heroine_bow_XENA 35 {'RENDERED': 44, 'NO_DIRECT_FRAMES (timeline or empty record)': 2, 'VARIANT_INCOMPATIBLE': 22, 'RENDERED_PARTIAL_MISSING_BOBS': 2}
validate cr_hum_body_22 test_human_00 {'PIXEL_CONFIRMED': 110}
validate cr_hum_body_21 test_human_00 {'PIXEL_CONFIRMED': 291}
validate cr_hum_head_21 test_human_00 {'PIXEL_CONFIRMED': 291}
validate cr_hum_body_20 test_human_00 {'PIXEL_CONFIRMED': 238}
validate cr_hum_head_20 test_human_00 {'PIXEL_CONFIRMED': 238}
validate cr_hum_body_10 test_human_00 {'PIXEL_CONFIRMED': 845}
validate cr_hum_head_10 test_human_00 {'PIXEL_CONFIRMED': 557}
validate cr_hum_body_00 test_human_00 {'PIXEL_CONFIRMED': 4897}
validate cr_hum_head_00 test_human_00 {'PIXEL_CONFIRMED': 2689}
validate cr_hum_head_80 test_human_00 {'PIXEL_CONFIRMED': 558}
validate cr_hum_head_90 test_human_00 {'PIXEL_CONFIRMED': 810}
validate cr_hum_body_05 test_human_00 {'PIXEL_CONFIRMED': 2730}
validate cr_hum_head_05 test_human_00 {'PIXEL_CONFIRMED': 2409}
validate cr_hum_body_60 test_human_00 {'PIXEL_CONFIRMED': 214}
validate cr_hum_body_64 test_human_00 {'PIXEL_CONFIRMED': 214}
validate cr_hum_head_15 test_human_00 {'PIXEL_CONFIRMED': 497}
validate cr_hum_body_30 test_human_00 {'PIXEL_CONFIRMED': 2843}
validate cr_hum_head_30 test_human_00 {'PIXEL_CONFIRMED': 1979}
validate cr_hum_body_32 test_human_00 {'PIXEL_CONFIRMED': 1210}
validate cr_hum_head_33 test_human_00 {'PIXEL_CONFIRMED': 1207}
validate cr_hum_body_61 test_human_00 {'PIXEL_CONFIRMED': 197}
validate cr_hum_head_17 test_human_00 {'PIXEL_CONFIRMED': 479}
validate cr_hum_body_50 test_human_00 {'PIXEL_CONFIRMED': 2843}
validate cr_hum_head_50 test_human_00 {'PIXEL_CONFIRMED': 1887}
validate cr_hum_head_53 test_human_00 {'PIXEL_CONFIRMED': 1170}
validate cr_hum_body_72 grizzu@player_00 {'PIXEL_CONFIRMED': 682}
validate cr_hum_body_52 test_human_00 {'PIXEL_CONFIRMED': 597}
validate cr_hum_body_73 grizzu_small@player_00 {'PIXEL_CONFIRMED': 450}
validate cr_hum_body_63 test_human_00 {'PIXEL_CONFIRMED': 173}
validate cr_hum_head_16 test_human_00 {'PIXEL_CONFIRMED': 497}
validate cr_hum_body_40 test_human_00 {'PIXEL_CONFIRMED': 2939}
validate cr_hum_head_40 test_human_00 {'PIXEL_CONFIRMED': 1979}
validate cr_hum_body_42 test_human_00 {'PIXEL_CONFIRMED': 955}
validate cr_hum_head_42 test_human_00 {'PIXEL_CONFIRMED': 960}
validate cr_hum_body_62 test_human_00 {'PIXEL_CONFIRMED': 249}
validate cr_hum_body_70 house_byzantine02 {'PIXEL_CONFIRMED': 389}
validate cr_hum_body_71 house_byzantine01 {'PIXEL_CONFIRMED': 379}
validate cr_hum_body_77 test_human_00 {'PIXEL_CONFIRMED': 785}
validate cr_hum_body_75 test_human_00 {'PIXEL_CONFIRMED': 2843}
validate cr_hum_head_75 test_human_00 {'PIXEL_CONFIRMED': 1877}
validate cr_hum_body_78 egypt_soldier {'PIXEL_CONFIRMED': 273}
validate cr_hum_body_79 egypt_soldier {'PIXEL_CONFIRMED': 271}
DONE owners 269 rows 16698 sheets 1732 validated libs 42
