animal 8 48 baby_animal 8 {'RENDERED': 8}
animal 8 49 adult_animal 8 {'RENDERED': 8}
animal 9 48 baby_animal 8 {'RENDERED': 8}
animal 9 49 adult_animal 8 {'RENDERED': 8}
animal 10 48 baby_animal 8 {'RENDERED': 8}
animal 10 49 adult_animal 8 {'RENDERED': 8}
animal 11 48 baby_animal 8 {'RENDERED': 8}
animal 11 49 adult_animal 8 {'RENDERED': 8}
animal 12 48 baby_animal 8 {'RENDERED': 8}
animal 12 49 adult_animal 8 {'RENDERED': 8}
animal 13 48 baby_animal 8 {'RENDERED': 8}
animal 13 49 adult_animal 8 {'RENDERED': 8}
animal 14 48 baby_animal 7 {'RENDERED': 7}
animal 14 49 adult_animal 8 {'RENDERED': 8}
animal 16 48 baby_animal 8 {'RENDERED': 8}
animal 16 49 adult_animal 8 {'RENDERED': 8}
animal 17 48 baby_animal 8 {'RENDERED': 8}
animal 17 49 adult_animal 8 {'RENDERED': 8}
animal 18 48 baby_animal 8 {'RENDERED': 8}
animal 18 49 adult_animal 8 {'RENDERED': 8}
animal 19 48 baby_animal 8 {'RENDERED': 8}
animal 19 49 adult_animal 8 {'RENDERED': 8}
animal 20 48 baby_animal 9 {'RENDERED': 9}
animal 20 49 adult_animal 10 {'RENDERED': 10}
animal 21 48 baby_animal 8 {'RENDERED': 8}
animal 21 49 adult_animal 8 {'RENDERED': 8}
animal 25 48 baby_animal 9 {'RENDERED': 9}
animal 25 49 adult_animal 9 {'RENDERED': 9}
animal 26 48 baby_animal 8 {'RENDERED': 8}
animal 26 49 adult_animal 9 {'RENDERED': 9}
animal 27 48 baby_animal 2 {'RENDERED': 2}
animal 27 49 adult_animal 2 {'RENDERED': 2}
animal 28 48 baby_animal 2 {'RENDERED': 2}
animal 28 49 adult_animal 2 {'RENDERED': 2}
animal 29 48 baby_animal 2 {'RENDERED': 2}
animal 29 49 adult_animal 2 {'RENDERED': 2}
animal 30 48 baby_animal 8 {'RENDERED': 8}
animal 30 49 adult_animal 8 {'RENDERED': 8}
animal 31 48 baby_animal 2 {'RENDERED': 2}
animal 31 49 adult_animal 2 {'RENDERED': 2}
animal 34 48 baby_animal 2 {'RENDERED': 2}
animal 34 49 adult_animal 2 {'RENDERED': 2}
animal 35 48 baby_animal 5 {'RENDERED': 5}
animal 35 49 adult_animal 5 {'RENDERED': 5}
animal 36 48 baby_animal 2 {'RENDERED': 2}
animal 36 49 adult_animal 2 {'RENDERED': 2}
validate cr_ani_body_00 bear01 {'PIXEL_CONFIRMED': 228}
validate cr_ani_body_00 deer01 {'PIXEL_CONFIRMED': 522}
validate cr_ani_body_00 cattle01 {'PIXEL_CONFIRMED': 117}
validate cr_ani_body_00 house01 {'PIXEL_CONFIRMED': 489}
validate cr_ani_body_00 harbour01 {'PIXEL_CONFIRMED': 64}
validate cr_ani_body_00 wolves01 {'PIXEL_CONFIRMED': 355}
validate cr_ani_body_00 LION01 {'PIXEL_CONFIRMED': 586}
validate cr_ani_body_00 chicken01 {'PIXEL_CONFIRMED': 258}
validate cr_ani_body_01 butterfly01 {'PIXEL_CONFIRMED': 66}
DONE owners 46 rows 295 sheets 295 validated libs 9
